1
TRUE
2147483647
TRUE
-2147483648
TRUE
FALSE
-123
TRUE
FALSE

Done testing parse_int

"ABCDE123abcde"
TRUE
"string\"
TRUE
FALSE
"split \a string with slash a"
TRUE
"backslash string\ test"
TRUE
FALSE
"string"
TRUE

Done testing parse_string

12345
TRUE
"string with empty space"
TRUE
12345
TRUE
-123
TRUE
123
TRUE
FALSE
FALSE

Done testing parse_element

